// Vitest Snapshot v1, https://vitest.dev/guide/snapshot.html

exports[`dateFormat > should render correctly 1`] = `<Month />`;
